// Jest Snapshot v1, https://goo.gl/fbAQLP

exports[`renders default button with no split 1`] = `null`;
